********************************************************************************
Field Output Report, written Tue Jun 28 08:30:36 2022

Source 1
---------

   ODB: D:/BallImpact.odb
   Step: Step-1
   Frame: Increment     12498: Step Time =   1.0000E-03

Loc 1 : Nodal values from source 1

Output sorted by column "Node Label".

Field Output reported at nodes for part: BALL-1

      Node Label            U.U2
                          @Loc 1
---------------------------------
               1              0.
               2              0.
               3              0.
               4              0.
               5              0.
               6              0.
               7              0.
               8              0.
               9              0.
              10              0.
              11              0.
              12              0.
              13              0.
              14              0.
              15              0.
              16              0.
              17              0.
              18              0.
              19              0.
              20              0.
              21              0.
              22              0.
              23              0.
              24              0.
              25              0.
              26              0.
              27              0.
              28              0.
              29              0.
              30              0.
              31              0.
              32              0.
              33              0.
              34              0.
              35              0.
              36              0.
              37              0.
              38              0.
              39              0.
              40              0.
              41              0.
              42              0.
              43              0.
              44              0.
              45              0.
              46              0.
              47              0.
              48              0.
              49              0.
              50              0.
              51              0.
              52              0.


  Minimum                     0.
         At Node              52

  Maximum                     0.
         At Node              52

           Total              0.


Field Output reported at nodes for part: PALETKA-1

      Node Label            U.U2
                          @Loc 1
---------------------------------
               1              0.
               2              0.
               3              0.
               4              0.
               5              0.
               6              0.
               7              0.
               8              0.
               9              0.
              10              0.
              11              0.
              12              0.
              13              0.
              14              0.
              15              0.
              16              0.
              17              0.
              18              0.
              19              0.
              20              0.
              21              0.
              22              0.
              23              0.
              24              0.
              25              0.
              26              0.
              27     20.4074E-03
              28     23.1593E-03
              29     27.0459E-03
              30     27.1213E-03
              31     23.4344E-03
              32     4.67812E-03
              33     6.81742E-03
              34    -5.95572E-03
              35    -18.4861E-03
              36    -59.3447E-03
              37    -24.3110E-03
              38    -71.6360E-03
              39    -64.3589E-03
              40    -34.7058E-03
              41    -16.4598E-03
              42    -27.4609E-03
              43    -22.8872E-03
              44    -14.8394E-03
              45    -7.39583E-03
              46    -892.344E-06
              47    -983.465E-06
              48     13.8525E-03
              49     14.4065E-03
              50     24.1606E-03
              51     31.0076E-03
              52     16.4315E-03
              53    -90.2867E-03
              54    -36.1548E-03
              55     77.4494E-03
              56    -122.146E-03
              57     9.95885E-03
              58     70.0621E-03
              59     41.8426E-03
              60     42.9112E-03
              61    -84.1273E-03
              62     46.7601E-03
              63    -132.028E-03
              64    -42.6523E-03
              65    -125.192E-03
              66    -6.41421E-03
              67     100.859E-03
              68     22.4520E-03
              69    -128.472E-03
              70     87.3703E-03
              71     62.0153E-03
              72     36.8669E-03
              73    -60.7785E-03
              74     107.256E-03
              75     88.1067E-03
              76     100.405E-03
              77     71.3900E-03
              78    -12.1277E-03
              79    -11.8654E-03
              80     20.7938E-03
              81     18.9523E-03
              82    -21.5838E-03
              83     8.32425E-03
              84     8.98771E-03
              85    -37.5189E-03
              86    -78.2937E-03
              87     46.1695E-03
              88     151.476E-03
              89    -51.7127E-03
              90     105.639E-03
              91              0.
              92              0.
              93              0.
              94              0.
              95              0.
              96              0.
              97              0.
              98              0.
              99              0.
             100              0.
             101              0.
             102              0.
             103              0.
             104              0.
             105              0.
             106              0.
             107              0.
             108              0.
             109              0.
             110              0.
             111              0.
             112              0.
             113              0.
             114              0.
             115              0.
             116              0.
             117    -98.0310E-03
             118    -86.1764E-03
             119    -91.6696E-03
             120    -80.6311E-03
             121    -55.3519E-03
             122    -33.6277E-03
             123    -16.9359E-03
             124     10.2347E-03
             125     46.7481E-03
             126     30.8603E-03
             127     89.2078E-03
             128     87.0380E-03
             129     91.0614E-03
             130     94.3822E-03
             131     66.2499E-03
             132     83.8478E-03
             133     49.1860E-03
             134     31.7132E-03
             135     7.43403E-03
             136    -19.1094E-03
             137    -43.7848E-03
             138    -65.1142E-03
             139    -54.9342E-03
             140    -75.4367E-03
             141    -45.2959E-03
             142    -12.3273E-03
             143     14.7854E-03
             144    -1.97041E-03
             145    -28.9859E-03
             146    -32.4148E-03
             147    -33.4079E-03
             148    -52.3173E-03
             149    -5.60538E-03
             150    -67.8809E-03
             151     8.48366E-03
             152    -80.9571E-03
             153    -20.7621E-03
             154    -6.98490E-03
             155    -15.5005E-03
             156    -29.6893E-03
             157     7.00400E-03
             158    -13.9049E-03
             159    -9.97877E-03
             160    -40.5727E-03
             161     5.82145E-03
             162     20.8361E-03
             163    -12.2320E-03
             164    -11.6125E-03
             165    -53.1874E-03
             166    -15.3486E-03
             167    -30.6724E-03
             168     72.2900E-03
             169     46.4131E-03
             170    -97.8931E-03
             171    -11.4972E-03
             172    -8.83386E-03
             173    -56.6621E-03
             174    -26.4624E-03
             175     2.89603E-03
             176     25.6431E-03
             177    -53.5537E-03
             178     1.99005E-03
             179    -22.5088E-03
             180    -9.38670E-03


  Minimum           -132.028E-03
         At Node              63

  Maximum            151.476E-03
         At Node              88

           Total    -587.585E-03


********************************************************************************
Field Output Report, written Tue Jun 28 08:30:37 2022

Source 1
---------

   ODB: D:/BallImpact.odb
   Step: Step-1
   Frame: Increment     12498: Step Time =   1.0000E-03

Loc 1 : Nodal values from source 1

Output sorted by column "Node Label".

Field Output reported at nodes for part: BALL-1

      Node Label            U.U2
                          @Loc 1
---------------------------------
               1              0.
               2              0.
               3              0.
               4              0.
               5              0.
               6              0.
               7              0.
               8              0.
               9              0.
              10              0.
              11              0.
              12              0.
              13              0.
              14              0.
              15              0.
              16              0.
              17              0.
              18              0.
              19              0.
              20              0.
              21              0.
              22              0.
              23              0.
              24              0.
              25              0.
              26              0.
              27              0.
              28              0.
              29              0.
              30              0.
              31              0.
              32              0.
              33              0.
              34              0.
              35              0.
              36              0.
              37              0.
              38              0.
              39              0.
              40              0.
              41              0.
              42              0.
              43              0.
              44              0.
              45              0.
              46              0.
              47              0.
              48              0.
              49              0.
              50              0.
              51              0.
              52              0.


  Minimum                     0.
         At Node              52

  Maximum                     0.
         At Node              52

           Total              0.


Field Output reported at nodes for part: PALETKA-1

      Node Label            U.U2
                          @Loc 1
---------------------------------
               1              0.
               2              0.
               3              0.
               4              0.
               5              0.
               6              0.
               7              0.
               8              0.
               9              0.
              10              0.
              11              0.
              12              0.
              13              0.
              14              0.
              15              0.
              16              0.
              17              0.
              18              0.
              19              0.
              20              0.
              21              0.
              22              0.
              23              0.
              24              0.
              25              0.
              26              0.
              27     20.4074E-03
              28     23.1593E-03
              29     27.0459E-03
              30     27.1213E-03
              31     23.4344E-03
              32     4.67812E-03
              33     6.81742E-03
              34    -5.95572E-03
              35    -18.4861E-03
              36    -59.3447E-03
              37    -24.3110E-03
              38    -71.6360E-03
              39    -64.3589E-03
              40    -34.7058E-03
              41    -16.4598E-03
              42    -27.4609E-03
              43    -22.8872E-03
              44    -14.8394E-03
              45    -7.39583E-03
              46    -892.344E-06
              47    -983.465E-06
              48     13.8525E-03
              49     14.4065E-03
              50     24.1606E-03
              51     31.0076E-03
              52     16.4315E-03
              53    -90.2867E-03
              54    -36.1548E-03
              55     77.4494E-03
              56    -122.146E-03
              57     9.95885E-03
              58     70.0621E-03
              59     41.8426E-03
              60     42.9112E-03
              61    -84.1273E-03
              62     46.7601E-03
              63    -132.028E-03
              64    -42.6523E-03
              65    -125.192E-03
              66    -6.41421E-03
              67     100.859E-03
              68     22.4520E-03
              69    -128.472E-03
              70     87.3703E-03
              71     62.0153E-03
              72     36.8669E-03
              73    -60.7785E-03
              74     107.256E-03
              75     88.1067E-03
              76     100.405E-03
              77     71.3900E-03
              78    -12.1277E-03
              79    -11.8654E-03
              80     20.7938E-03
              81     18.9523E-03
              82    -21.5838E-03
              83     8.32425E-03
              84     8.98771E-03
              85    -37.5189E-03
              86    -78.2937E-03
              87     46.1695E-03
              88     151.476E-03
              89    -51.7127E-03
              90     105.639E-03
              91              0.
              92              0.
              93              0.
              94              0.
              95              0.
              96              0.
              97              0.
              98              0.
              99              0.
             100              0.
             101              0.
             102              0.
             103              0.
             104              0.
             105              0.
             106              0.
             107              0.
             108              0.
             109              0.
             110              0.
             111              0.
             112              0.
             113              0.
             114              0.
             115              0.
             116              0.
             117    -98.0310E-03
             118    -86.1764E-03
             119    -91.6696E-03
             120    -80.6311E-03
             121    -55.3519E-03
             122    -33.6277E-03
             123    -16.9359E-03
             124     10.2347E-03
             125     46.7481E-03
             126     30.8603E-03
             127     89.2078E-03
             128     87.0380E-03
             129     91.0614E-03
             130     94.3822E-03
             131     66.2499E-03
             132     83.8478E-03
             133     49.1860E-03
             134     31.7132E-03
             135     7.43403E-03
             136    -19.1094E-03
             137    -43.7848E-03
             138    -65.1142E-03
             139    -54.9342E-03
             140    -75.4367E-03
             141    -45.2959E-03
             142    -12.3273E-03
             143     14.7854E-03
             144    -1.97041E-03
             145    -28.9859E-03
             146    -32.4148E-03
             147    -33.4079E-03
             148    -52.3173E-03
             149    -5.60538E-03
             150    -67.8809E-03
             151     8.48366E-03
             152    -80.9571E-03
             153    -20.7621E-03
             154    -6.98490E-03
             155    -15.5005E-03
             156    -29.6893E-03
             157     7.00400E-03
             158    -13.9049E-03
             159    -9.97877E-03
             160    -40.5727E-03
             161     5.82145E-03
             162     20.8361E-03
             163    -12.2320E-03
             164    -11.6125E-03
             165    -53.1874E-03
             166    -15.3486E-03
             167    -30.6724E-03
             168     72.2900E-03
             169     46.4131E-03
             170    -97.8931E-03
             171    -11.4972E-03
             172    -8.83386E-03
             173    -56.6621E-03
             174    -26.4624E-03
             175     2.89603E-03
             176     25.6431E-03
             177    -53.5537E-03
             178     1.99005E-03
             179    -22.5088E-03
             180    -9.38670E-03


  Minimum           -132.028E-03
         At Node              63

  Maximum            151.476E-03
         At Node              88

           Total    -587.585E-03


